01 - error detecting HWND
